
> ai-cg-studio@1.5.9 workflow
> node scripts/workflow.js gate:full

[执行] gate:full: ["C:\\Program Files\\nodejs\\node.exe","scripts/maintenance/gate-quick.js","full"]
── gate full ──
✔ check（21 步质量门禁编排） 9.6s
✔ vitest 3.6s
✔ unit 套件 418 用例 18.3s
✔ test-anima-routes.js 17.8s
✔ test-desktop-tools-route.js 1.7s
✔ test-generation-routes.js 668ms
✔ test-chat.js 772ms
✔ test-control-failure-contract.js 15.6s
✔ test-gateway-contract.js 765ms
✔ test-gateway-token.js 58ms
✔ test-http-client.js 83ms
✔ test-maintenance.js 135ms
✔ test-interrogate-routes.js 378ms
✔ test-interrogate-engine.js 1.6s
✔ test-live2d-route.js 327ms
✔ test-character-reference-contract.js 184ms
✔ test-pinned-scene-prompts.js 115ms
✔ test-scene-story-alignment.js 47ms
✔ test-sd-runtime.js 161ms
✔ test-scene-shard-integrity.js 95ms
✔ test-popular-shard-integrity.js 78ms
✔ test-blueprint-shard-integrity.js 132ms
✔ test-security.js 171ms
✔ test-tunnel-restart.js 209ms
✔ test-upstream-health.js 335ms
✔ test-precompressed.js 180ms
✔ test-video-ai.js 5.2s
✔ test-video-routes.js 9.3s
sum [contract]: PASS · 25 过 / 0 挂 · 56.1s
✔ build（打包预算） 25.6s
gate 总计: PASS · 1m 53s
